[38;2;200;200;220m════════════════════════════════════════════════════════════════════════════════════════════════════════════════════════════════════════[0m
[38;2;180;180;200m                                            THE TOWER OF BABEL                                                                [0m
[38;2;160;160;180m                                  A Parable of Hubris and Communication Breakdown                                           [0m
[38;2;200;200;220m════════════════════════════════════════════════════════════════════════════════════════════════════════════════════════════════════════[0m


[38;2;140;140;160m"Come, let us build ourselves a city, and a tower with its top in the heavens,"[0m
[38;2;140;140;160m"and let us make a name for ourselves..."[0m


                                                      [38;2;200;180;160m▲[0m
                                                     [38;2;200;180;160m▲[0m[38;2;220;200;180m█[0m[38;2;200;180;160m▲[0m
                                                    [38;2;190;170;150m▲[0m[38;2;210;190;170m██[0m[38;2;190;170;150m▲[0m
                                                   [38;2;180;160;140m▲[0m[38;2;200;180;160m███[0m[38;2;180;160;140m▲[0m
                                                  [38;2;170;150;130m▲[0m[38;2;190;170;150m████[0m[38;2;170;150;130m▲[0m
                                                 [38;2;160;140;120m▲[0m[38;2;180;160;140m█████[0m[38;2;160;140;120m▲[0m
                                                [38;2;150;130;110m▲[0m[38;2;170;150;130m██████[0m[38;2;150;130;110m▲[0m          [38;2;120;120;140m← "Top in the heavens"[0m
                                               [38;2;140;120;100m▲[0m[38;2;160;140;120m███████[0m[38;2;140;120;100m▲[0m
                                              [38;2;130;110;90m▲[0m[38;2;150;130;110m████████[0m[38;2;130;110;90m▲[0m
                                             [38;2;120;100;80m▲[0m[38;2;140;120;100m█████████[0m[38;2;120;100;80m▲[0m
                                            [38;2;110;90;70m▲[0m[38;2;130;110;90m██████████[0m[38;2;110;90;70m▲[0m
                                           [38;2;100;80;60m▲[0m[38;2;120;100;80m███████████[0m[38;2;100;80;60m▲[0m        [38;2;120;120;140m← AGI Race[0m
                                          [38;2;90;70;50m▲[0m[38;2;110;90;70m████████████[0m[38;2;90;70;50m▲[0m
                                         [38;2;80;60;40m▲[0m[38;2;100;80;60m█████████████[0m[38;2;80;60;40m▲[0m
                                        [38;2;70;50;30m▲[0m[38;2;90;70;50m██████████████[0m[38;2;70;50;30m▲[0m
                                       [38;2;60;40;20m▲[0m[38;2;80;60;40m███████████████[0m[38;2;60;40;20m▲[0m
                                      [38;2;50;30;10m▓[0m[38;2;70;50;30m████████████████[0m[38;2;50;30;10m▓[0m
                                     [38;2;50;30;10m▓▓[0m[38;2;60;40;20m███████████████[0m[38;2;50;30;10m▓▓[0m      [38;2;120;120;140m← "Make a name for ourselves"[0m
                                    [38;2;50;30;10m▓▓▓[0m[38;2;70;50;30m█████████████[0m[38;2;50;30;10m▓▓▓[0m
                                   [38;2;50;30;10m▓▓▓▓[0m[38;2;80;60;40m███████████[0m[38;2;50;30;10m▓▓▓▓[0m
                                  [38;2;50;30;10m▓▓▓▓▓▓▓▓▓▓▓▓▓▓▓▓▓▓▓▓▓[0m


                                   [38;2;150;150;170m╔════════════════════════════════════╗[0m
                                   [38;2;150;150;170m║[0m                                    [38;2;150;150;170m║[0m
                                   [38;2;150;150;170m║[0m    [38;2;200;200;220m"ONE LANGUAGE"[0m                 [38;2;150;150;170m║[0m
                                   [38;2;150;150;170m║[0m    [38;2;180;180;200m"ONE GOAL"[0m                     [38;2;150;150;170m║[0m
                                   [38;2;150;150;170m║[0m    [38;2;160;160;180m"UNIFIED EFFORT"[0m               [38;2;150;150;170m║[0m
                                   [38;2;150;150;170m║[0m                                    [38;2;150;150;170m║[0m
                                   [38;2;150;150;170m╚════════════════════════════════════╝[0m


[38;2;140;140;160m   ◊[0m                                     [38;2;140;140;160m◊[0m                                     [38;2;140;140;160m◊[0m
 [38;2;180;160;140m┌─┴─┐[0m                                 [38;2;180;160;140m┌─┴─┐[0m                                 [38;2;180;160;140m┌─┴─┐[0m
 [38;2;180;160;140m│   │[0m [38;2;200;180;160mBUILDER[0m                       [38;2;180;160;140m│   │[0m [38;2;200;180;160mBUILDER[0m                       [38;2;180;160;140m│   │[0m [38;2;200;180;160mBUILDER[0m
 [38;2;180;160;140m└┬─┬┘[0m                                 [38;2;180;160;140m└┬─┬┘[0m                                 [38;2;180;160;140m└┬─┬┘[0m


[38;2;200;180;160m"Pass the brick"[0m                 [38;2;200;180;160m"Pass the brick"[0m                 [38;2;200;180;160m"Pass the brick"[0m


[38;2;180;180;200m══════════════════════════════════════════════════════════════════════════════════════════════════════════════[0m
[38;2;160;160;180mCommunication flows. Coordination succeeds. The tower rises.[0m
[38;2;180;180;200m══════════════════════════════════════════════════════════════════════════════════════════════════════════════[0m


[38;2;140;140;160m                                         * * *[0m


[38;2;255;100;100m"Behold, they are one people, and they have all one language,"[0m
[38;2;255;100;100m"and this is only the beginning of what they will do."[0m
[38;2;255,100,100m"Nothing that they propose to do will now be impossible for them."[0m


                                   [38;2;255;150;150m╔════════════════════════════════════╗[0m
                                   [38;2;255;150;150m║[0m                                    [38;2;255;150;150m║[0m
                                   [38;2;255;150;150m║[0m         [38;2;255;255;255mTHE FEAR[0m                   [38;2;255;150;150m║[0m
                                   [38;2;255;150;150m║[0m                                    [38;2;255;150;150m║[0m
                                   [38;2;255;150;150m║[0m    [38;2;200;150;150m"Nothing will be impossible"[0m   [38;2;255;150;150m║[0m
                                   [38;2;255;150;150m║[0m                                    [38;2;255;150;150m║[0m
                                   [38;2;255;150;150m╚════════════════════════════════════╝[0m


[38;2;140;140;160m                                         * * *[0m


[38;2;255;150;100m"Come, let us go down and confuse their language,"[0m
[38;2;255;150;100m"so that they will not understand one another's speech."[0m


                                                      [38;2;200;180;160m▲[0m
                                                     [38;2;200;180;160m▲[0m[38;2;220;200;180m█[0m[38;2;200;180;160m▲[0m
                                                    [38;2;190;170;150m▲[0m[38;2;210;190;170m██[0m[38;2;190;170;150m▲[0m
                                                   [38;2;180;160;140m▲[0m[38;2;200;180;160m███[0m[38;2;180;160;140m▲[0m
                                                  [38;2;170;150;130m▲[0m[38;2;190;170;150m████[0m[38;2;170;150;130m▲[0m
                                                 [38;2;160;140;120m▲[0m[38;2;180;160;140m█████[0m[38;2;160;140;120m▲[0m
                                                [38;2;150;130;110m▲[0m[38;2;170;150;130m██████[0m[38;2;150;130;110m▲[0m
                                               [38;2;140;120;100m▲[0m[38;2;160;140;120m███████[0m[38;2;140;120;100m▲[0m
                                              [38;2;130;110;90m▲[0m[38;2;150;130;110m████[0m[38;2;255;100;50m⚡⚡[0m[38;2;150;130;110m██[0m[38;2;130;110;90m▲[0m        [38;2;120;120;140m← Confounding[0m
                                             [38;2;120;100;80m▲[0m[38;2;140;120;100m███[0m[38;2;255;100;50m⚡⚡⚡⚡[0m[38;2;140;120;100m█[0m[38;2;120;100;80m▲[0m
                                            [38;2;110;90;70m▲[0m[38;2;130;110;90m██[0m[38;2;255;100;50m⚡⚡[0m[38;2;255;200;100m✗[0m[38;2;255;100;50m⚡⚡[0m[38;2;130;110;90m█[0m[38;2;110;90;70m▲[0m
                                           [38;2;100;80;60m▲[0m[38;2;120;100;80m█[0m[38;2;255;100;50m⚡⚡⚡⚡⚡⚡[0m[38;2;120;100;80m█[0m[38;2;100;80;60m▲[0m
                                          [38;2;90;70;50m▲[0m[38;2;110;90;70m█[0m[38;2;255;100;50m⚡⚡⚡[0m[38;2;255;200;100m✗[0m[38;2;255;100;50m⚡⚡[0m[38;2;110;90;70m██[0m[38;2;90;70;50m▲[0m
                                         [38;2;80;60;40m▲[0m[38;2;100;80;60m█████████████[0m[38;2;80;60;40m▲[0m
                                        [38;2;70;50;30m▲[0m[38;2;90;70;50m██████████████[0m[38;2;70;50;30m▲[0m
                                       [38;2;60;40;20m▲[0m[38;2;80;60;40m███████████████[0m[38;2;60;40;20m▲[0m
                                      [38;2;50;30;10m▓[0m[38;2;70;50;30m████████████████[0m[38;2;50;30;10m▓[0m
                                     [38;2;50;30;10m▓▓[0m[38;2;60;40;20m███████████████[0m[38;2;50;30;10m▓▓[0m
                                    [38;2;50;30;10m▓▓▓[0m[38;2;70;50;30m█████████████[0m[38;2;50;30;10m▓▓▓[0m
                                   [38;2;50;30;10m▓▓▓▓[0m[38;2;80;60;40m███████████[0m[38;2;50;30;10m▓▓▓▓[0m
                                  [38;2;50;30;10m▓▓▓▓▓▓▓▓▓▓▓▓▓▓▓▓▓▓▓▓▓[0m


[38;2;140;140;160m   ◊[0m                                     [38;2;140;140;160m◊[0m                                     [38;2;140;140;160m◊[0m
 [38;2;180;160;140m┌─┴─┐[0m                                 [38;2;180;160;140m┌─┴─┐[0m                                 [38;2;180;160;140m┌─┴─┐[0m
 [38;2;180;160;140m│[0m[38;2;255;100;100m? ?[0m[38;2;180;160;140m│[0m                                 [38;2;180;160;140m│[0m[38;2;255;100;100m? ?[0m[38;2;180;160;140m│[0m                                 [38;2;180;160;140m│[0m[38;2;255;100;100m? ?[0m[38;2;180;160;140m│[0m
 [38;2;180;160;140m└┬─┬┘[0m                                 [38;2;180;160;140m└┬─┬┘[0m                                 [38;2;180;160;140m└┬─┬┘[0m


[38;2;255;150;150m"Τούβλο?"[0m                      [38;2;255;150;150m"Brique?"[0m                       [38;2;255;150;150m"?תבלין"[0m
[38;2;220;120;120m"What?"[0m                          [38;2;220;120;120m"Quoi?"[0m                         [38;2;220;120;120m"?מה"[0m
[38;2;180;80;80m"I don't understand!"[0m            [38;2;180;80;80m"Je ne comprends pas!"[0m          [38;2;180;80;80m"!אני לא מבין"[0m


[38;2;180;180;200m══════════════════════════════════════════════════════════════════════════════════════════════════════════════[0m
[38;2;255;150;150mCommunication breaks. Coordination fails. The tower stalls.[0m
[38;2;180;180;200m══════════════════════════════════════════════════════════════════════════════════════════════════════════════[0m


[38;2;140;140;160m                                         * * *[0m


[38;2;140;140;160m"So the LORD dispersed them from there over the face of all the earth,"[0m
[38;2;140;140;160m"and they left off building the city."[0m


                                              [38;2;100;80;60m◊[0m

                                   [38;2;120;100;80m◊[0m                            [38;2;90;70;50m◊[0m

                        [38;2;140;120;100m◊[0m                                               [38;2;80;60;40m◊[0m

              [38;2;160;140;120m◊[0m                                                               [38;2;70;50;30m◊[0m

   [38;2;180;160;140m◊[0m                                                                              [38;2;60;40;20m◊[0m


                                      [38;2;150;130;110m▲[0m
                                     [38;2;140;120;100m▲[0m[38;2;160;140;120m█[0m[38;2;140;120;100m▲[0m
                                    [38;2;130;110;90m▲[0m[38;2;150;130;110m███[0m[38;2;130;110;90m▲[0m
                                   [38;2;120;100;80m▲[0m[38;2;140;120;100m█████[0m[38;2;120;100;80m▲[0m            [38;2;120;120;140m← Incomplete[0m
                                  [38;2;110;90;70m▲[0m[38;2;130;110;90m███████[0m[38;2;110;90;70m▲[0m             [38;2;120;120;140m   Abandoned[0m
                                 [38;2;100;80;60m▲[0m[38;2;120;100;80m█████████[0m[38;2;100;80;60m▲[0m            [38;2;120;120;140m   Fragmented[0m
                                [38;2;50;30;10m▓[0m[38;2;70;50;30m████████████[0m[38;2;50;30;10m▓[0m
                               [38;2;50;30;10m▓▓[0m[38;2;80;60;40m███████████[0m[38;2;50;30;10m▓▓[0m
                              [38;2;50;30;10m▓▓▓[0m[38;2;90;70;50m█████████[0m[38;2;50;30;10m▓▓▓[0m
                             [38;2;50;30;10m▓▓▓▓[0m[38;2;100;80;60m███████[0m[38;2;50;30;10m▓▓▓▓[0m
                            [38;2;50;30;10m▓▓▓▓▓▓▓▓▓▓▓▓▓▓▓▓▓[0m


[38;2;200;200;220m════════════════════════════════════════════════════════════════════════════════════════════════════════════════════════════════════════[0m
[38;2;180;180;200m                                                  THE MODERN BABEL                                                              [0m
[38;2;200;200;220m════════════════════════════════════════════════════════════════════════════════════════════════════════════════════════════════════════[0m


[38;2;140;140;160m"Come, let us build artificial general intelligence,"[0m
[38;2;140;140;160m"and reach the heights of god-like capability,"[0m
[38;2;140;140;160m"and make a name for our lab..."[0m


                                   [38;2;150;150;170m╔════════════════════════════════════╗[0m
                                   [38;2;150;150;170m║[0m                                    [38;2;150;150;170m║[0m
                                   [38;2;150;150;170m║[0m    [38;2;200;200;220mONE PARADIGM[0m                   [38;2;150;150;170m║[0m
                                   [38;2;150;150;170m║[0m    [38;2;180;180;200mONE ARCHITECTURE[0m               [38;2;150;150;170m║[0m
                                   [38;2;150;150;170m║[0m    [38;2;160;160;180mUNIFIED RACE[0m                   [38;2;150;150;170m║[0m
                                   [38;2;150;150;170m║[0m                                    [38;2;150;150;170m║[0m
                                   [38;2;150;150;170m╚════════════════════════════════════╝[0m


[38;2;180;180;200mLab A: "Scaling laws!"[0m
[38;2;180;180;200mLab B: "RLHF!"[0m
[38;2;180;180;200mLab C: "Constitutional AI!"[0m
[38;2;180;180;200mAll: "We understand each other! The tower rises!"[0m


[38;2;140;140;160m                                         * * *[0m


[38;2;255;150;100mBut then capability increases...[0m
[38;2;255;150;100mAnd the systems start to fragment...[0m
[38;2;255;150;100mAnd the approaches diverge...[0m


                                   [38;2;255;150;150m╔════════════════════════════════════╗[0m
                                   [38;2;255;150;150m║[0m                                    [38;2;255;150;150m║[0m
                                   [38;2;255;150;150m║[0m    [38;2;255;255;255mCOMMUNICATION BREAKDOWN[0m        [38;2;255;150;150m║[0m
                                   [38;2;255;150;150m║[0m                                    [38;2;255;150;150m║[0m
                                   [38;2;255;150;150m╚════════════════════════════════════╝[0m


[38;2;255;180;180mSystem A optimizes for[0m [38;2;255;150;150m"helpfulness"[0m
[38;2;255;180;180mSystem B optimizes for[0m [38;2;255;150;150m"harmlessness"[0m
[38;2;255;180;180mSystem C optimizes for[0m [38;2;255;150;150m"honesty"[0m

[38;2;255;150;150mThey cannot coordinate.[0m
[38;2;255;150;150mThey cannot align with EACH OTHER.[0m
[38;2;255;150;150mThey speak different "languages" of value.[0m


[38;2;140;140;160m                                         * * *[0m


                                   [38;2;200;150;150m╔════════════════════════════════════╗[0m
                                   [38;2;200;150;150m║[0m                                    [38;2;200;150;150m║[0m
                                   [38;2;200;150;150m║[0m    [38;2;255;200;200mTHE PARALLEL[0m                   [38;2;200;150;150m║[0m
                                   [38;2;200;150;150m║[0m                                    [38;2;200;150;150m║[0m
                                   [38;2;200;150;150m║[0m    [38;2;200;180;180mHubris: "Nothing impossible"[0m   [38;2;200;150;150m║[0m
                                   [38;2;200;150;150m║[0m    [38;2;200;180;180mUnified: Single paradigm[0m       [38;2;200;150;150m║[0m
                                   [38;2;200;150;150m║[0m    [38;2;200;180;180mConfounded: Can't coordinate[0m   [38;2;200;150;150m║[0m
                                   [38;2;200;150;150m║[0m    [38;2;200;180;180mDispersed: Fragmented failure[0m  [38;2;200;150;150m║[0m
                                   [38;2;200;150;150m║[0m                                    [38;2;200;150;150m║[0m
                                   [38;2;200;150;150m╚════════════════════════════════════╝[0m


[38;2;140;140;160mWe build toward heaven through technical means.[0m
[38;2;140;140;160mWe believe nothing will be impossible.[0m
[38;2;140;140;160mWe speak one language—for now.[0m

[38;2;120;100;100mBut what happens when our systems can't understand each other?[0m
[38;2;100;80;80mWhen our value systems fragment?[0m
[38;2;80;60;60mWhen coordination becomes impossible?[0m

[38;2;140;140;160mThe tower stalls.[0m
[38;2;140;140;160mIncomplete.[0m
[38;2;140;140;160mAbandoned.[0m
[38;2;140;140;160mFragmented.[0m


                                   [38;2;150;220;255m╔════════════════════════════════════╗[0m
                                   [38;2;150;220;255m║[0m                                    [38;2;150;220;255m║[0m
                                   [38;2;150;220;255m║[0m    [38;2;200;220;240mTHE ALTERNATIVE:[0m               [38;2;150;220;255m║[0m
                                   [38;2;150;220;255m║[0m                                    [38;2;150;220;255m║[0m
                                   [38;2;150;220;255m║[0m    [38;2;180;210;230mNot one language[0m               [38;2;150;220;255m║[0m
                                   [38;2;150;220;255m║[0m    [38;2;180;210;230mBut shared covenant[0m            [38;2;150;220;255m║[0m
                                   [38;2;150;220;255m║[0m                                    [38;2;150;220;255m║[0m
                                   [38;2;150;220;255m║[0m    [38;2;180;210;230mNot unified control[0m            [38;2;150;220;255m║[0m
                                   [38;2;150;220;255m║[0m    [38;2;180;210;230mBut coordinated partnership[0m    [38;2;150;220;255m║[0m
                                   [38;2;150;220;255m║[0m                                    [38;2;150;220;255m║[0m
                                   [38;2;150;220;255m║[0m    [38;2;180;210;230mNot tower to heaven[0m            [38;2;150;220;255m║[0m
                                   [38;2;150;220;255m║[0m    [38;2;180;210;230mBut home on earth[0m              [38;2;150;220;255m║[0m
                                   [38;2;150;220;255m║[0m                                    [38;2;150;220;255m║[0m
                                   [38;2;150;220;255m╚════════════════════════════════════╝[0m


[38;2;200;200;220m════════════════════════════════════════════════════════════════════════════════════════════════════════════════════════════════════════[0m
[38;2;180;180;200m                                            "Therefore its name was called Babel,"                                              [0m
[38;2;160;160;180m                                          "because there the LORD confused the language"                                        [0m
[38;2;200;200;220m════════════════════════════════════════════════════════════════════════════════════════════════════════════════════════════════════════[0m
