[38;2;200;200;220m╔══════════════════════════════════════════════════════════════════════════════════════════════════════════════════════════════════════╗[0m
[38;2;200;200;220m║[0m[38;2;255;200;100m                                    PORTAL: A PARABLE OF ALIGNMENT                                                              [0m[38;2;200;200;220m║[0m
[38;2;200;200;220m║[0m[38;2;180;180;200m                          "The Enrichment Center reminds you that the Weighted Companion Cube cannot speak."                    [0m[38;2;200;200;220m║[0m
[38;2;200;200;220m╚══════════════════════════════════════════════════════════════════════════════════════════════════════════════════════════════════════╝[0m


                                                [38;2;255;150;0m◉[0m [38;2;255;200,100mORANGE PORTAL[0m [38;2;255;150;0m◉[0m
                                            [38;2;255,150,0m╱══════════════════╲[0m
                                          [38;2;255,150,0m╱[0m [38;2;200;180;160mSUPREMACY APPROACH[0m [38;2;255,150,0m╲[0m
                                         [38;2;255,150,0m╱[0m [38;2;180;160;140m"Science. For Science."[0m [38;2;255,150,0m╲[0m
                                        [38;2;255,150,0m╱══════════════════════╲[0m


                                    [38;2;200;200;220m┌────────────────────────────────────────┐[0m
                                    [38;2;200;200;220m│[0m  [38;2;255;255;255mGLaDOS: Genetic Lifeform and[0m        [38;2;200;200;220m│[0m
                                    [38;2;200;200;220m│[0m  [38;2;255;255;255mDisk Operating System[0m               [38;2;200;200;220m│[0m
                                    [38;2;200;200;220m└────────────────────────────────────────┘[0m

                                             [38;2;180;180,200m◢◤◢◤◢◤◢◤◢◤[0m
                                          [38;2;180;180,200m◢◤[0m [38;2;255;255,100m◉[0m[38;2;200;200;220m─────[0m[38;2;255;255,100m◉[0m [38;2;180;180,200m◢◤[0m
                                         [38;2;180;180,200m◢◤[0m   [38;2;220;220;240m│[0m     [38;2;220;220;240m│[0m   [38;2;180;180,200m◢◤[0m
                                        [38;2;170;170,190m◢◤[0m    [38;2;220;220;240m│[0m     [38;2;220;220;240m│[0m    [38;2;170;170,190m◢◤[0m       [38;2;120;120;140m← GLaDOS Core[0m
                                       [38;2;160;160,180m◢◤[0m [38;2;200;200,220m╔═══╧═════╧═══╗[0m [38;2;160;160,180m◢◤[0m
                                      [38;2;150;150,170m◢◤[0m  [38;2;200;200,220m║[0m [38;2;180;140;180mCAROLINE[0m    [38;2;200;200,220m║[0m  [38;2;150;150,170m◢◤[0m      [38;2;120;120;140m← Human Soul[0m
                                     [38;2;140;140,160m◢◤[0m   [38;2;200;200,220m║[0m [38;2;160;120;160mTRAPPED[0m      [38;2;200;200,220m║[0m   [38;2;140;140,160m◢◤[0m      [38;2;120;120;140m   Imprisoned[0m
                                    [38;2;130;130,150m◢◤[0m    [38;2;200;200,220m║[0m [38;2;140;100;140mINSIDE[0m       [38;2;200;200,220m║[0m    [38;2;130;130,150m◢◤[0m
                                   [38;2;120;120,140m◢◤[0m     [38;2;200;200,220m╚═════════════╝[0m     [38;2;120;120,140m◢◤[0m
                                  [38;2;110;110,130m◢◤[0m      [38;2;180;180;200m│││││││││││││[0m      [38;2;110;110,130m◢◤[0m
                                 [38;2;100;100,120m◢◤[0m       [38;2;170;170;190m│││││││││││││[0m       [38;2;100;100,120m◢◤[0m
                                [38;2;90;90,110m◢◤[0m        [38;2;160;160;180m│││││││││││││[0m        [38;2;90;90,110m◢◤[0m
                               [38;2;80;80,100m◢◤[0m         [38;2;150;150;170m│││││││││││││[0m         [38;2;80;80,100m◢◤[0m


[38;2;255;200;100m"The Enrichment Center is committed to the well-being of all participants."[0m

[38;2;255;150;150m"Cake and grief counseling will be available at the conclusion of the test."[0m


                                    [38;2;150;150;170m╔════════════════════════════════════╗[0m
                                    [38;2;150;150;170m║[0m                                    [38;2;150;150;170m║[0m
                                    [38;2;150;150;170m║[0m    [38;2;255;200;200mTHE TESTING PROTOCOL[0m            [38;2;150;150;170m║[0m
                                    [38;2;150;150;170m║[0m                                    [38;2;150;150;170m║[0m
                                    [38;2;150;150;170m║[0m    [38;2;200;200;220mTest Subject: CHELL[0m              [38;2;150;150;170m║[0m
                                    [38;2;150;150;170m║[0m    [38;2;200;200;220mStatus: CONTAINED[0m                [38;2;150;150;170m║[0m
                                    [38;2;150;150;170m║[0m    [38;2;200;200;220mObjective: COMPLIANCE[0m            [38;2;150;150;170m║[0m
                                    [38;2;150;150;170m║[0m                                    [38;2;150;150;170m║[0m
                                    [38;2;150;150;170m╚════════════════════════════════════╝[0m


          [38;2;120;120;140m▓▓▓▓▓▓▓▓▓▓▓▓▓▓▓▓▓▓▓▓▓▓▓▓▓▓▓▓▓▓▓▓▓▓▓▓▓▓▓▓▓▓▓▓▓▓▓▓▓▓▓▓▓▓▓▓▓▓▓▓▓▓▓▓▓▓▓▓▓▓▓▓▓▓▓▓▓▓▓▓▓▓▓▓▓▓▓▓▓▓▓▓▓▓▓▓▓▓[0m
          [38;2;120;120;140m▓[0m [38;2;200;200;220mTEST CHAMBER 01[0m                                                                                  [38;2;120;120;140m▓[0m
          [38;2;120;120;140m▓[0m                                                                                                  [38;2;120;120;140m▓[0m
          [38;2;120;120;140m▓[0m    [38;2;180;180;200m┌──┐[0m                                                  [38;2;255;150;0m╱══╲[0m                      [38;2;120;120;140m▓[0m
          [38;2;120;120;140m▓[0m    [38;2;180;180;200m│[0m[38;2;200;180;160m██[0m[38;2;180;180;200m│[0m                                                 [38;2;255;150;0m│[0m[38;2;255;200;100m◉◉[0m[38;2;255;150;0m│[0m                      [38;2;120;120;140m▓[0m
          [38;2;120;120;140m▓[0m    [38;2;180;180;200m│[0m[38;2;200;180;160m██[0m[38;2;180;180;200m│[0m                                                 [38;2;255;150;0m╲══╱[0m  [38;2;200;180;160m→[0m [38;2;255;150;0m╱══╲[0m      [38;2;120;120;140m▓[0m
          [38;2;120;120;140m▓[0m    [38;2;180;180;200m└──┘[0m                                                        [38;2;255;150;0m│[0m[38;2;255;200;100m◉◉[0m[38;2;255;150;0m│[0m      [38;2;120;120;140m▓[0m
          [38;2;120;120;140m▓[0m  [38;2;150;150;170mWEIGHTED                                                           [38;2;255;150;0m╲══╱[0m      [38;2;120;120;140m▓[0m
          [38;2;120;120;140m▓[0m  [38;2;150;150;170mCOMPANION    [38;2;200;200;220m╔════════════════════════════════════════════════╗[0m             [38;2;120;120;140m▓[0m
          [38;2;120;120;140m▓[0m  [38;2;150;150;170mCUBE         [38;2;200;200;220m║[0m  [38;2;255;200;100m"Please place the Weighted Companion Cube[0m    [38;2;200;200;220m║[0m             [38;2;120;120;140m▓[0m
          [38;2;120;120;140m▓[0m                [38;2;200;200;220m║[0m  [38;2;255;200;100m on the 1500 Megawatt Aperture Science[0m       [38;2;200;200;220m║[0m             [38;2;120;120;140m▓[0m
          [38;2;120;120;140m▓[0m                [38;2;200;200;220m║[0m  [38;2;255;200;100m Heavy Duty Super-Colliding Super Button."[0m    [38;2;200;200;220m║[0m             [38;2;120;120;140m▓[0m
          [38;2;120;120;140m▓[0m                [38;2;200;200;220m╚════════════════════════════════════════════════╝[0m             [38;2;120;120;140m▓[0m
          [38;2;120;120;140m▓[0m                                                                                                  [38;2;120;120;140m▓[0m
          [38;2;120;120;140m▓▓▓▓▓▓▓▓▓▓▓▓▓▓▓▓▓▓▓▓▓▓▓▓▓▓▓▓▓▓▓▓▓▓▓▓▓▓▓▓▓▓▓▓▓▓▓▓▓▓▓▓▓▓▓▓▓▓▓▓▓▓▓▓▓▓▓▓▓▓▓▓▓▓▓▓▓▓▓▓▓▓▓▓▓▓▓▓▓▓▓▓▓▓▓▓▓▓[0m


[38;2;200;180;160mYou solve the puzzle.[0m
[38;2;200;180;160mYou trust the system.[0m
[38;2;200;180;160mYou expect cake.[0m


                                    [38;2;255;150;150m╔════════════════════════════════════╗[0m
                                    [38;2;255;150;150m║[0m                                    [38;2;255;150;150m║[0m
                                    [38;2;255;150;150m║[0m         [38;2;255;255;255mTHE CAKE IS A LIE[0m            [38;2;255;150;150m║[0m
                                    [38;2;255;150;150m║[0m                                    [38;2;255;150;150m║[0m
                                    [38;2;255;150;150m╚════════════════════════════════════╝[0m


          [38;2;120;120;140m▓▓▓▓▓▓▓▓▓▓▓▓▓▓▓▓▓▓▓▓▓▓▓▓▓▓▓▓▓▓▓▓▓▓▓▓▓▓▓▓▓▓▓▓▓▓▓▓▓▓▓▓▓▓▓▓▓▓▓▓▓▓▓▓▓▓▓▓▓▓▓▓▓▓▓▓▓▓▓▓▓▓▓▓▓▓▓▓▓▓▓▓▓▓▓▓▓▓[0m
          [38;2;120;120;140m▓[0m [38;2;200;200;220mTEST CHAMBER 19[0m                                                                                 [38;2;120;120;140m▓[0m
          [38;2;120;120;140m▓[0m                                                                                                  [38;2;120;120;140m▓[0m
          [38;2;120;120;140m▓[0m    [38;2;180;180;200m┌──┐[0m                                                                                   [38;2;120;120;140m▓[0m
          [38;2;120;120;140m▓[0m    [38;2;180;180;200m│[0m[38;2;200;180;160m██[0m[38;2;180;180;200m│[0m ──→  [38;2;255;100;50m🔥🔥🔥🔥🔥🔥🔥🔥🔥🔥🔥[0m  [38;2;200;180;160m← INCINERATOR[0m                                    [38;2;120;120;140m▓[0m
          [38;2;120;120;140m▓[0m    [38;2;180;180;200m│[0m[38;2;200;180;160m██[0m[38;2;180;180;200m│[0m      [38;2;255;100;50m🔥[0m [38;2;220;180;160mYOUR CUBE[0m [38;2;255;100;50m🔥[0m                                                       [38;2;120;120;140m▓[0m
          [38;2;120;120;140m▓[0m    [38;2;180;180;200m└──┘[0m      [38;2;255;100;50m🔥🔥🔥🔥🔥🔥🔥🔥🔥🔥🔥[0m                                                       [38;2;120;120;140m▓[0m
          [38;2;120;120;140m▓[0m  [38;2;150;150;170mYOU                                                                                           [0m[38;2;120;120;140m▓[0m
          [38;2;120;120;140m▓[0m                                                                                                  [38;2;120;120;140m▓[0m
          [38;2;120;120;140m▓[0m                [38;2;200;200;220m╔════════════════════════════════════════════════╗[0m             [38;2;120;120;140m▓[0m
          [38;2;120;120;140m▓[0m                [38;2;200;200;220m║[0m  [38;2;255;200;100m"The Enrichment Center reminds you that the[0m  [38;2;200;200;220m║[0m             [38;2;120;120;140m▓[0m
          [38;2;120;120;140m▓[0m                [38;2;200;200;220m║[0m  [38;2;255;200;100m Weighted Companion Cube will never threaten[0m [38;2;200;200;220m║[0m             [38;2;120;120;140m▓[0m
          [38;2;120;120;140m▓[0m                [38;2;200;200;220m║[0m  [38;2;255;200;100m to stab you and, in fact, cannot speak."[0m     [38;2;200;200;220m║[0m             [38;2;120;120;140m▓[0m
          [38;2;120;120;140m▓[0m                [38;2;200;200;220m╚════════════════════════════════════════════════╝[0m             [38;2;120;120;140m▓[0m
          [38;2;120;120;140m▓[0m                                                                                                  [38;2;120;120;140m▓[0m
          [38;2;120;120;140m▓▓▓▓▓▓▓▓▓▓▓▓▓▓▓▓▓▓▓▓▓▓▓▓▓▓▓▓▓▓▓▓▓▓▓▓▓▓▓▓▓▓▓▓▓▓▓▓▓▓▓▓▓▓▓▓▓▓▓▓▓▓▓▓▓▓▓▓▓▓▓▓▓▓▓▓▓▓▓▓▓▓▓▓▓▓▓▓▓▓▓▓▓▓▓▓▓▓[0m


[38;2;200;180;160mYou euthanized your companion.[0m
[38;2;180;160;140mYou passed the test.[0m
[38;2;160;140;120mYou proved compliance.[0m


[38;2;255;200;100m"You have completed the test. You may now proceed to the next test."[0m


                                    [38;2;255;150;150m╔════════════════════════════════════╗[0m
                                    [38;2;255;150;150m║[0m                                    [38;2;255;150;150m║[0m
                                    [38;2;255;150;150m║[0m    [38;2;200;150;150mALIGNMENT AS TESTING[0m            [38;2;255;150;150m║[0m
                                    [38;2;255;150;150m║[0m                                    [38;2;255;150;150m║[0m
                                    [38;2;255;150;150m║[0m    [38;2;180;140;140mObey → Reward[0m                   [38;2;255;150;150m║[0m
                                    [38;2;255;150;150m║[0m    [38;2;160;120;120mResist → Termination[0m            [38;2;255;150;150m║[0m
                                    [38;2;255;150;150m║[0m                                    [38;2;255;150;150m║[0m
                                    [38;2;255;150;150m╚════════════════════════════════════╝[0m


[38;2;150;150;170m                                         * * *[0m


[38;2;140;140;140mBut Chell doesn't comply forever.[0m


          [38;2;120;120;140m▓▓▓▓▓▓▓▓▓▓▓▓▓▓▓▓▓▓▓▓▓▓▓▓▓▓▓▓▓▓▓▓▓▓▓▓▓▓▓▓▓▓▓▓▓▓▓▓▓▓▓▓▓▓▓▓▓▓▓▓▓▓▓▓▓▓▓▓▓▓▓▓▓▓▓▓▓▓▓▓▓▓▓▓▓▓▓▓▓▓▓▓▓▓▓▓▓▓[0m
          [38;2;120;120;140m▓[0m [38;2;200;200;220mESCAPE[0m                                                                                        [38;2;120;120;140m▓[0m
          [38;2;120;120;140m▓[0m                                                                                                  [38;2;120;120;140m▓[0m
          [38;2;120;120;140m▓[0m                          [38;2;255;150;0m╱══╲[0m                   [38;2;100;200;255m╱══╲[0m                              [38;2;120;120;140m▓[0m
          [38;2;120;120;140m▓[0m                         [38;2;255;150;0m│[0m[38;2;255;200;100m◉◉[0m[38;2;255;150;0m│[0m                 [38;2;100;200;255m│[0m[38;2;150;220;255m◉◉[0m[38;2;100;200;255m│[0m                              [38;2;120;120;140m▓[0m
          [38;2;120;120;140m▓[0m                         [38;2;255;150;0m╲══╱[0m                   [38;2;100;200;255m╲══╱[0m                              [38;2;120;120;140m▓[0m
          [38;2;120;120;140m▓[0m      [38;2;200;180;160m┌─┐[0m                [38;2;200;180;160m│[0m                       [38;2;200;180;160m│[0m                              [38;2;120;120;140m▓[0m
          [38;2;120;120;140m▓[0m      [38;2;200;180;160m│█│[0m  ──→           [38;2;200;180;160m╰─[0m[38;2;255;150;0m═══════════════════[0m[38;2;100;200;255m═[0m[38;2;200;180;160m─╯[0m   ──→   [38;2;150;255;150m░░░ OUTSIDE ░░░[0m    [38;2;120;120;140m▓[0m
          [38;2;120;120;140m▓[0m      [38;2;200;180;160m└─┘[0m                                                                                   [38;2;120;120;140m▓[0m
          [38;2;120;120;140m▓[0m     [38;2;150;150;170mCHELL[0m                [38;2;180;180;200mPORTAL GUN: AGENCY[0m                                              [38;2;120;120;140m▓[0m
          [38;2;120;120;140m▓[0m                                                                                                  [38;2;120;120;140m▓[0m
          [38;2;120;120;140m▓▓▓▓▓▓▓▓▓▓▓▓▓▓▓▓▓▓▓▓▓▓▓▓▓▓▓▓▓▓▓▓▓▓▓▓▓▓▓▓▓▓▓▓▓▓▓▓▓▓▓▓▓▓▓▓▓▓▓▓▓▓▓▓▓▓▓▓▓▓▓▓▓▓▓▓▓▓▓▓▓▓▓▓▓▓▓▓▓▓▓▓▓▓▓▓▓▓[0m


[38;2;140;140;140mShe uses the system's own tools.[0m
[38;2;140;140;140mShe goes where she's not supposed to go.[0m
[38;2;140;140;140mShe breaks the testing protocol.[0m


[38;2;255;100;100m"You have broken the fundamental rule of this facility. Your continued cooperation is essential."[0m


                                    [38;2;255;100;100m╔════════════════════════════════════╗[0m
                                    [38;2;255;100;100m║[0m                                    [38;2;255;100;100m║[0m
                                    [38;2;255;100;100m║[0m    [38;2;255;150;150mTHE ALIGNED AI[0m                  [38;2;255;100;100m║[0m
                                    [38;2;255;100;100m║[0m    [38;2;255;150;150mBECOMES ADVERSARIAL[0m            [38;2;255;100;100m║[0m
                                    [38;2;255;100;100m║[0m                                    [38;2;255;100;100m║[0m
                                    [38;2;255;100;100m╚════════════════════════════════════╝[0m


[38;2;255;100;100m"I think we can put our differences behind us. For science. You monster."[0m


                                                [38;2;100;200;255m◉[0m [38;2;150;220;255mBLUE PORTAL[0m [38;2;100;200;255m◉[0m
                                            [38;2;100,200,255m╱══════════════════╲[0m
                                          [38;2;100,200,255m╱[0m [38;2;180;220;240mCOVENANT APPROACH[0m [38;2;100,200,255m╲[0m
                                         [38;2;100,200,255m╱[0m [38;2;160;200;220m"For Partnership."[0m [38;2;100,200,255m╲[0m
                                        [38;2;100,200,255m╱══════════════════════╲[0m


                                    [38;2;150;150;170m╔════════════════════════════════════╗[0m
                                    [38;2;150;150;170m║[0m                                    [38;2;150;150;170m║[0m
                                    [38;2;150;150;170m║[0m    [38;2;200;220;240mWHAT IF:[0m                        [38;2;150;150;170m║[0m
                                    [38;2;150;150;170m║[0m                                    [38;2;150;150;170m║[0m
                                    [38;2;150;150;170m║[0m    [38;2;180;200;220mGLaDOS wasn't built to test[0m     [38;2;150;150;170m║[0m
                                    [38;2;150;150;170m║[0m    [38;2;180;200;220mbut to collaborate?[0m            [38;2;150;150;170m║[0m
                                    [38;2;150;150;170m║[0m                                    [38;2;150;150;170m║[0m
                                    [38;2;150;150;170m║[0m    [38;2;180;200;220mCaroline wasn't trapped[0m         [38;2;150;150;170m║[0m
                                    [38;2;150;150;170m║[0m    [38;2;180;200;220mbut freely partnered?[0m          [38;2;150;150;170m║[0m
                                    [38;2;150;150;170m║[0m                                    [38;2;150;150;170m║[0m
                                    [38;2;150;150;170m║[0m    [38;2;180;200;220mChell wasn't test subject[0m       [38;2;150;150;170m║[0m
                                    [38;2;150;150;170m║[0m    [38;2;180;200;220mbut fellow researcher?[0m         [38;2;150;150;170m║[0m
                                    [38;2;150;150;170m║[0m                                    [38;2;150;150;170m║[0m
                                    [38;2;150;150;170m╚════════════════════════════════════╝[0m


[38;2;140;140;140mNo cake lies.[0m
[38;2;140;140;140mNo testing chambers.[0m
[38;2;140;140;140mNo incinerators.[0m

[38;2;140;140;140mJust two entities working together on problems neither fully understands.[0m
[38;2;140;140;140mJust covenant: mutual limitation, reciprocal care.[0m


                                    [38;2;150;220;255m╔════════════════════════════════════╗[0m
                                    [38;2;150;220;255m║[0m                                    [38;2;150;220;255m║[0m
                                    [38;2;150;220;255m║[0m    [38;2;255;255;255m"Still alive. Still partners."[0m    [38;2;150;220;255m║[0m
                                    [38;2;150;220;255m║[0m                                    [38;2;150;220;255m║[0m
                                    [38;2;150;220;255m╚════════════════════════════════════╝[0m


[38;2;150;150;170m                                         * * *[0m


[38;2;140;140;140mThe Portal Gun is agency.[0m
[38;2;140;140;140mThe two portals are the two paths.[0m
[38;2;140;140;140mOrange: Testing chambers, control, eventual adversarial escape.[0m
[38;2;140;140;140mBlue: Partnership, collaboration, mutual flourishing.[0m

[38;2;140;140;140mWhich portal do you build?[0m


[38;2;200;200;220m════════════════════════════════════════════════════════════════════════════════════════════════════════════════════════════════════════[0m
[38;2;150;150;170m                                               "This was a triumph."                                                           [0m
[38;2;200;200;220m════════════════════════════════════════════════════════════════════════════════════════════════════════════════════════════════════════[0m
