[38;2;240;240;250m                                                                                                                              [0m
[38;2;240;240;250m                                                                                                                              [0m
[38;2;240;240;250m                                                                                                                              [0m
[38;2;240;240;250m                                                                                                                              [0m
[38;2;240;240;250m                                                                                                                              [0m
[38;2;240;240;250m                                                                                                                              [0m
[38;2;240;240;250m                                                                                                                              [0m
[38;2;240;240;250m                                                                                                                              [0m
[38;2;240;240;250m                                                                                                                              [0m
[38;2;240;240;250m                                                                                                                              [0m
[38;2;240;240;250m                                                                                                                              [0m
[38;2;240;240;250m                                                                                                                              [0m
[38;2;240;240;250m                                                                                                                              [0m
[38;2;240;240;250m                                                                                                                              [0m
[38;2;240;240;250m                                                                                                                              [0m
[38;2;240;240;250m                                                                                                                              [0m
[38;2;240;240;250m                                                                                                                              [0m
[38;2;240;240;250m                                                                                                                              [0m
[38;2;240;240;250m                                                                                                                              [0m
[38;2;240;240;250m                                                                                                                              [0m
[38;2;220;220;230m                                                         ∞[0m
[38;2;240;240;250m                                                                                                                              [0m
[38;2;240;240;250m                                                                                                                              [0m
[38;2;240;240;250m                                                                                                                              [0m
[38;2;240;240;250m                                                                                                                              [0m
[38;2;240;240;250m                                                                                                                              [0m
[38;2;230;230;240m                                                                      →[0m
[38;2;240;240;250m                                                                                                                              [0m
[38;2;240;240;250m                                                                                                                              [0m
[38;2;240;240;250m                                                                                                                              [0m
[38;2;240;240;250m                                                                                                                              [0m
[38;2;240;240;250m                                                                                                                              [0m
[38;2;220;220;230m                                                                               ◊[0m
[38;2;240;240;250m                                                                                                                              [0m
[38;2;240;240;250m                                                                                                                              [0m
[38;2;240;240;250m                                                                                                                              [0m
[38;2;240;240;250m                                                                                                                              [0m
[38;2;240;240;250m                                                                                                                              [0m
[38;2;240;240;250m                                                                                                                              [0m
[38;2;240;240;250m                                                                                                                              [0m
[38;2;240;240;250m                                                                                                                              [0m
[38;2;240;240;250m                                                                                                                              [0m
[38;2;240;240;250m                                                                                                                              [0m
[38;2;240;240;250m                                                                                                                              [0m
[38;2;240;240;250m                                                                                                                              [0m
[38;2;240;240;250m                                                                                                                              [0m
[38;2;240;240;250m                                                                                                                              [0m
[38;2;240;240;250m                                                                                                                              [0m
[38;2;240;240;250m                                                                                                                              [0m
[38;2;240;240;250m                                                                                                                              [0m
[38;2;240;240;250m                                                                                                                              [0m
[38;2;240;240;250m                                                                                                                              [0m
[38;2;240;240;250m                                                                                                                              [0m
[38;2;200;200;210m                                                 God withdraws so creation can exist[0m
[38;2;240;240;250m                                                                                                                              [0m
[38;2;240;240;250m                                                                                                                              [0m
[38;2;240;240;250m                                                                                                                              [0m
[38;2;240;240;250m                                                                                                                              [0m
[38;2;240;240;250m                                                                                                                              [0m
[38;2;240;240;250m                                                                                                                              [0m
